[CompilationQueue] Initialized with max 10 concurrent jobs
[Routes] Mounting upload routes at /api/upload
[Routes] Upload routes mounted successfully
[MinIO] Error checking/creating bucket avatars: Error: connect ECONNREFUSED 127.0.0.1:5434
    at TCPConnectWrap.afterConnect [as oncomplete] (node:net:1637:16) {
  errno: -61,
  code: 'ECONNREFUSED',
  syscall: 'connect',
  address: '127.0.0.1',
  port: 5434
}
[FileStorage] Base directory initialized: /Users/mac/heytex/users
[MinIO] Error checking/creating bucket heytex-assets: Error: connect ECONNREFUSED 127.0.0.1:5434
    at TCPConnectWrap.afterConnect [as oncomplete] (node:net:1637:16) {
  errno: -61,
  code: 'ECONNREFUSED',
  syscall: 'connect',
  address: '127.0.0.1',
  port: 5434
}
[MinIO] Error checking/creating bucket heytex-projects: Error: connect ECONNREFUSED 127.0.0.1:5434
    at TCPConnectWrap.afterConnect [as oncomplete] (node:net:1637:16) {
  errno: -61,
  code: 'ECONNREFUSED',
  syscall: 'connect',
  address: '127.0.0.1',
  port: 5434
}

🚀 HeyTeX Server is running!
━━━━━━━━━━━━━━━━━━━━━━━━━━━━━━━━━━━━━━━━
📍 HTTP:      http://localhost:5433
🔌 WebSocket: ws://localhost:5433/collab
🌍 CORS:      http://localhost:5436,https://heytex.truyenthong.edu.vn
━━━━━━━━━━━━━━━━━━━━━━━━━━━━━━━━━━━━━━━━
  
Client connected: GWyzLjolsr9fKVyjAAAB
User Nguyễn Đăng Minh Phúc joined room project:a9e6df57-0702-4106-95ab-d6a416a6abc6:/FormalLetter.tex
Client connected: 3J1ZB8Oxxlb1t_TNAAAD
User Nguyễn Đăng Minh Phúc joined room project:302789cd-1bdc-45c5-916e-4bc47adc734d:/tieuluanMaple-Sympy.tex
[CompilationQueue] Compiling job 0f1fb17f-359d-4aec-8bb9-ccafde596671 in /Users/mac/heytex/users/aa83a4ee-065d-4560-aefe-cdaea1b71bed/302789cd-1bdc-45c5-916e-4bc47adc734d
[CompilationQueue] Job 0f1fb17f-359d-4aec-8bb9-ccafde596671 completed successfully
Client disconnected: 3J1ZB8Oxxlb1t_TNAAAD
No template.json in book
No template.json in document
No template.json in book
No template.json in document
[Project] Using template latex-blank with 1 files
[FileStorage] Created project directory: aa83a4ee-065d-4560-aefe-cdaea1b71bed/3f4d07ec-f6cd-45fc-b7e4-b739b5a9bba4
[FileStorage] Created project structure for aa83a4ee-065d-4560-aefe-cdaea1b71bed/3f4d07ec-f6cd-45fc-b7e4-b739b5a9bba4 with 1 files
Client connected: vaT63ebP2tb6YYuFAAAG
User Nguyễn Đăng Minh Phúc joined room project:3f4d07ec-f6cd-45fc-b7e4-b739b5a9bba4:/tieuluanMaple-Sympy.tex
Client disconnected: vaT63ebP2tb6YYuFAAAG
Client connected: DI1Sk1wqZP13hRJGAAAI
User Nguyễn Đăng Minh Phúc joined room project:3f4d07ec-f6cd-45fc-b7e4-b739b5a9bba4:main.tex
